yarn run v1.22.17
$ npx hardhat test
No need to generate any newer typings.

  BBots

ironball

ironball

ironball


fireball



fireball




ironball





fireball



fireball


ironball

fireball





ironball





ironball

ironball
ironball

ironball
ironball



ironball

ironball



ironball
ironball

fireball





ironball

ironball



fireball

ironball

ironball





ironball



ironball

ironball





fireball





ironball

ironball

ironball




ironball


ironball


ironball




ironball

ironball



fireball


ironball




fireball






fireball
ironball




ironball



ironball

ironball

ironball



ironball

ironball



ironball

ironball





fireball
fireball







ironball
ironball




ironball




fireball


ironball
fireball



ironball
ironball










ironball
ironball



ironball
fireball


ironball

fireball





ironball

ironball
fireball




fireball








fireball









ironball






ironball





fireball
fireball
ironball

fireball


ironball




ironball




fireball


fireball

ironball






ironball






ironball
ironball










ironball








ironball




ironball
ironball

ironball



ironball







ironball


fireball


fireball







ironball


ironball




ironball
fireball



ironball


ironball





fireball

fireball


fireball




ironball


ironball


fireball
ironball

ironball







ironball



ironball



fireball





fireball
ironball





fireball

fireball

ironball



fireball


fireball





ironball



ironball

fireball

ironball

fireball


ironball



ironball
ironball

ironball



ironball
ironball



fireball

ironball

fireball





ironball


ironball

fireball
ironball


fireball




ironball

fireball

ironball

ironball
ironball
ironball




ironball

ironball

ironball





fireball
fireball

fireball








fireball






fireball

ironball



ironball






fireball




ironball

ironball



ironball




ironball
ironball
fireball


fireball




ironball














ironball








fireball



ironball


fireball




ironball




ironball
ironball


ironball



fireball




fireball






ironball
ironball
ironball




fireball









ironball
ironball

ironball

ironball
ironball



ironball

ironball
ironball




ironball


ironball



ironball


ironball

ironball
fireball


fireball
fireball
ironball

ironball

ironball


ironball




ironball
fireball
fireball


fireball
ironball

ironball

fireball

ironball




ironball
ironball




fireball









ironball









ironball



fireball

ironball





ironball
ironball


ironball



fireball
ironball

ironball













fireball











ironball

fireball

fireball
fireball

ironball



ironball



fireball
ironball






ironball




ironball
fireball


fireball


ironball


fireball

ironball

ironball
fireball





fireball



fireball

ironball


fireball

fireball

fireball






ironball


ironball


ironball




ironball





ironball


ironball





fireball







fireball
ironball




fireball

ironball







fireball

ironball

fireball

ironball


fireball











ironball
fireball




ironball
ironball



ironball



ironball

ironball




ironball

ironball




ironball

ironball



ironball




ironball



ironball


ironball








{}
    ✓ should test probalbity

·---------------------------------|---------------------------|-------------|-----------------------------·
|       [90mSolc version: 0.8.4[39m       ·  [90mOptimizer enabled: true[39m  ·  [90mRuns: 200[39m  ·  [90mBlock limit: 30000000 gas[39m  │
··································|···························|·············|······························
|  [32m[1mMethods[22m[39m                                                                                                │
·············|····················|·············|·············|·············|···············|··············
|  [1mContract[22m  ·  [1mMethod[22m            ·  [32mMin[39m        ·  [32mMax[39m        ·  [32mAvg[39m        ·  [1m# calls[22m      ·  [1musd (avg)[22m  │
·············|····················|·············|·············|·············|···············|··············
|  [90mBBots[39m     ·  _buildAttributes  ·      [36m30421[39m  ·      [31m73597[39m  ·      35913  ·          [90m999[39m  ·          [32m[90m-[32m[39m  │
·············|····················|·············|·············|·············|···············|··············
|  [32m[1mDeployments[22m[39m                    ·                                         ·  [1m% of limit[22m   ·             │
··································|·············|·············|·············|···············|··············
|  BBots                          ·          -  ·          -  ·    2817727  ·        [90m9.4 %[39m  ·          [32m[90m-[32m[39m  │
·---------------------------------|-------------|-------------|-------------|---------------|-------------·

  1 passing (26s)

Done in 31.64s.
